Initialized native services in: C:\Users\Admin\.gradle\native
Initialized jansi services in: C:\Users\Admin\.gradle\native
The client will now receive all logging from the daemon (pid: 1336). The daemon log file: C:\Users\Admin\.gradle\daemon\9.1.0\daemon-1336.out.log
Starting 17th build in daemon [uptime: 2 hrs 21 mins 15.26 secs, performance: 99%, GC rate: 0.00/s, heap usage: 4% of 2 GiB]
Using 6 worker leases.
Now considering [C:\Users\Admin\Desktop\Test_code\ClinicViewer] as hierarchies to watch
Watching the file system is configured to be enabled if available
File system watching is active
Starting Build
Settings evaluated using settings file 'C:\Users\Admin\Desktop\Test_code\ClinicViewer\settings.gradle.kts'.
Projects loaded. Root project using build file 'C:\Users\Admin\Desktop\Test_code\ClinicViewer\build.gradle.kts'.
Included projects: [root project 'Clinic Viewer', project ':app']

> Configure project :
Evaluating root project 'Clinic Viewer' using build file 'C:\Users\Admin\Desktop\Test_code\ClinicViewer\build.gradle.kts'.
Resolved plugin [id: 'com.android.application', version: '8.9.1', apply: false]
Resolved plugin [id: 'org.jetbrains.kotlin.android', version: '2.0.0', apply: false]
Resolved plugin [id: 'org.jetbrains.kotlin.plugin.compose', version: '2.0.0', apply: false]
Resolved plugin [id: 'org.jetbrains.kotlin.plugin.serialization', version: '2.0.0', apply: false]

> Configure project :app
Evaluating project ':app' using build file 'C:\Users\Admin\Desktop\Test_code\ClinicViewer\app\build.gradle.kts'.
Resolved plugin [id: 'com.android.application', version: '8.9.1']
Resolved plugin [id: 'org.jetbrains.kotlin.android', version: '2.0.0']
Resolved plugin [id: 'org.jetbrains.kotlin.plugin.compose', version: '2.0.0']
Resolved plugin [id: 'org.jetbrains.kotlin.plugin.serialization', version: '2.0.0']
Using default execution profile
Using Kotlin Gradle Plugin gradle85 variant
Detected Android Gradle Plugin compose compiler configuration
Detected Android Gradle Plugin compose compiler configuration
Detected Android Gradle Plugin compose compiler configuration
Detected Android Gradle Plugin compose compiler configuration
Detected Android Gradle Plugin compose compiler configuration
All projects evaluated.
Task name matched 'testDebugUnitTest'
Selected primary task 'testDebugUnitTest' from project :
Adding -Xuse-inline-scopes-numbers Kotlin compiler flag for task :app:compileDebugKotlin
Tasks to be executed: [task ':app:checkKotlinGradlePluginConfigurationErrors', task ':app:preBuild', task ':app:preDebugBuild', task ':app:checkDebugAarMetadata', task ':app:generateDebugResValues', task ':app:mapDebugSourceSetPaths', task ':app:generateDebugResources', task ':app:mergeDebugResources', task ':app:packageDebugResources', task ':app:parseDebugLocalResources', task ':app:createDebugCompatibleScreenManifests', task ':app:extractDeepLinksDebug', task ':app:processDebugMainManifest', task ':app:processDebugManifest', task ':app:processDebugManifestForPackage', task ':app:processDebugResources', task ':app:compileDebugKotlin', task ':app:javaPreCompileDebug', task ':app:compileDebugJavaWithJavac', task ':app:bundleDebugClassesToRuntimeJar', task ':app:bundleDebugClassesToCompileJar', task ':app:compileDebugUnitTestKotlin', task ':app:preDebugUnitTestBuild', task ':app:javaPreCompileDebugUnitTest', task ':app:compileDebugUnitTestJavaWithJavac', task ':app:processDebugJavaRes', task ':app:processDebugUnitTestJavaRes', task ':app:testDebugUnitTest']
Tasks that were excluded: []
Resolve mutations for :app:checkKotlinGradlePluginConfigurationErrors (Thread[Execution worker,5,main]) started.
:app:checkKotlinGradlePluginConfigurationErrors (Thread[included builds,5,main]) started.

> Task :app:checkKotlinGradlePluginConfigurationErrors SKIPPED
Skipping task ':app:checkKotlinGradlePluginConfigurationErrors' as task onlyIf 'errorDiagnostics are present' is false.
Resolve mutations for :app:preBuild (Thread[included builds,5,main]) started.
:app:preBuild (Thread[included builds,5,main]) started.

> Task :app:preBuild UP-TO-DATE
Skipping task ':app:preBuild' as it has no actions.
Resolve mutations for :app:preDebugBuild (Thread[included builds,5,main]) started.
:app:preDebugBuild (Thread[included builds,5,main]) started.

> Task :app:preDebugBuild UP-TO-DATE
Skipping task ':app:preDebugBuild' as it has no actions.
Resolve mutations for :app:checkDebugAarMetadata (Thread[included builds,5,main]) started.
:app:checkDebugAarMetadata (Thread[included builds,5,main]) started.

> Task :app:checkDebugAarMetadata UP-TO-DATE
Caching disabled for task ':app:checkDebugAarMetadata' because:
  Build cache is disabled
  Caching has been disabled for the task
Skipping task ':app:checkDebugAarMetadata' as it is up-to-date.
Resolve mutations for :app:generateDebugResValues (Thread[included builds,5,main]) started.
:app:generateDebugResValues (Thread[Execution worker,5,main]) started.

> Task :app:generateDebugResValues UP-TO-DATE
Caching disabled for task ':app:generateDebugResValues' because:
  Build cache is disabled
Skipping task ':app:generateDebugResValues' as it is up-to-date.
Resolve mutations for :app:mapDebugSourceSetPaths (Thread[Execution worker,5,main]) started.
:app:mapDebugSourceSetPaths (Thread[Execution worker,5,main]) started.

> Task :app:mapDebugSourceSetPaths UP-TO-DATE
Caching disabled for task ':app:mapDebugSourceSetPaths' because:
  Build cache is disabled
  Caching has been disabled for the task
Skipping task ':app:mapDebugSourceSetPaths' as it is up-to-date.
Resolve mutations for :app:generateDebugResources (Thread[Execution worker,5,main]) started.
:app:generateDebugResources (Thread[Execution worker,5,main]) started.

> Task :app:generateDebugResources UP-TO-DATE
Caching disabled for task ':app:generateDebugResources' because:
  Build cache is disabled
Skipping task ':app:generateDebugResources' as it is up-to-date.
Resolve mutations for :app:mergeDebugResources (Thread[Execution worker,5,main]) started.
:app:mergeDebugResources (Thread[Execution worker,5,main]) started.

> Task :app:mergeDebugResources UP-TO-DATE
Caching disabled for task ':app:mergeDebugResources' because:
  Build cache is disabled
Skipping task ':app:mergeDebugResources' as it is up-to-date.
Resolve mutations for :app:packageDebugResources (Thread[Execution worker,5,main]) started.
:app:packageDebugResources (Thread[included builds,5,main]) started.

> Task :app:packageDebugResources UP-TO-DATE
Caching disabled for task ':app:packageDebugResources' because:
  Build cache is disabled
Skipping task ':app:packageDebugResources' as it is up-to-date.
Resolve mutations for :app:parseDebugLocalResources (Thread[included builds,5,main]) started.
:app:parseDebugLocalResources (Thread[included builds,5,main]) started.

> Task :app:parseDebugLocalResources UP-TO-DATE
Caching disabled for task ':app:parseDebugLocalResources' because:
  Build cache is disabled
Skipping task ':app:parseDebugLocalResources' as it is up-to-date.
Resolve mutations for :app:createDebugCompatibleScreenManifests (Thread[included builds,5,main]) started.
:app:createDebugCompatibleScreenManifests (Thread[included builds,5,main]) started.

> Task :app:createDebugCompatibleScreenManifests UP-TO-DATE
Caching disabled for task ':app:createDebugCompatibleScreenManifests' because:
  Build cache is disabled
  Caching has been disabled for the task
Skipping task ':app:createDebugCompatibleScreenManifests' as it is up-to-date.
Resolve mutations for :app:extractDeepLinksDebug (Thread[included builds,5,main]) started.
:app:extractDeepLinksDebug (Thread[included builds,5,main]) started.

> Task :app:extractDeepLinksDebug UP-TO-DATE
Caching disabled for task ':app:extractDeepLinksDebug' because:
  Build cache is disabled
Skipping task ':app:extractDeepLinksDebug' as it is up-to-date.
Resolve mutations for :app:processDebugMainManifest (Thread[included builds,5,main]) started.
:app:processDebugMainManifest (Thread[included builds,5,main]) started.

> Task :app:processDebugMainManifest UP-TO-DATE
Caching disabled for task ':app:processDebugMainManifest' because:
  Build cache is disabled
Skipping task ':app:processDebugMainManifest' as it is up-to-date.
Resolve mutations for :app:processDebugManifest (Thread[included builds,5,main]) started.
:app:processDebugManifest (Thread[included builds,5,main]) started.

> Task :app:processDebugManifest UP-TO-DATE
Caching disabled for task ':app:processDebugManifest' because:
  Build cache is disabled
Skipping task ':app:processDebugManifest' as it is up-to-date.
Resolve mutations for :app:processDebugManifestForPackage (Thread[included builds,5,main]) started.
:app:processDebugManifestForPackage (Thread[included builds,5,main]) started.

> Task :app:processDebugManifestForPackage UP-TO-DATE
Custom actions are attached to task ':app:processDebugManifestForPackage'.
Caching disabled for task ':app:processDebugManifestForPackage' because:
  Build cache is disabled
Skipping task ':app:processDebugManifestForPackage' as it is up-to-date.
Resolve mutations for :app:processDebugResources (Thread[included builds,5,main]) started.
:app:processDebugResources (Thread[included builds,5,main]) started.

> Task :app:processDebugResources UP-TO-DATE
Caching disabled for task ':app:processDebugResources' because:
  Build cache is disabled
Skipping task ':app:processDebugResources' as it is up-to-date.
Resolve mutations for :app:compileDebugKotlin (Thread[included builds,5,main]) started.
:app:compileDebugKotlin (Thread[included builds,5,main]) started.

> Task :app:compileDebugKotlin UP-TO-DATE
Adding -Xuse-inline-scopes-numbers Kotlin compiler flag for task :app:compileDebugAndroidTestKotlin
Caching disabled for task ':app:compileDebugKotlin' because:
  Build cache is disabled
Skipping task ':app:compileDebugKotlin' as it is up-to-date.
Resolve mutations for :app:javaPreCompileDebug (Thread[included builds,5,main]) started.
:app:javaPreCompileDebug (Thread[included builds,5,main]) started.

> Task :app:javaPreCompileDebug UP-TO-DATE
Caching disabled for task ':app:javaPreCompileDebug' because:
  Build cache is disabled
Skipping task ':app:javaPreCompileDebug' as it is up-to-date.
Resolve mutations for :app:compileDebugJavaWithJavac (Thread[included builds,5,main]) started.
:app:compileDebugJavaWithJavac (Thread[included builds,5,main]) started.

> Task :app:compileDebugJavaWithJavac NO-SOURCE
Skipping task ':app:compileDebugJavaWithJavac' as it has no source files and no previous output files.
Resolve mutations for :app:bundleDebugClassesToRuntimeJar (Thread[included builds,5,main]) started.
:app:bundleDebugClassesToRuntimeJar (Thread[included builds,5,main]) started.

> Task :app:bundleDebugClassesToRuntimeJar UP-TO-DATE
Caching disabled for task ':app:bundleDebugClassesToRuntimeJar' because:
  Build cache is disabled
  Caching has been disabled for the task
Skipping task ':app:bundleDebugClassesToRuntimeJar' as it is up-to-date.
work action resolve classes.jar (project :app) (Thread[included builds,5,main]) started.
Resolve mutations for :app:bundleDebugClassesToCompileJar (Thread[included builds,5,main]) started.
:app:bundleDebugClassesToCompileJar (Thread[included builds,5,main]) started.

> Task :app:bundleDebugClassesToCompileJar UP-TO-DATE
Caching disabled for task ':app:bundleDebugClassesToCompileJar' because:
  Build cache is disabled
  Caching has been disabled for the task
Skipping task ':app:bundleDebugClassesToCompileJar' as it is up-to-date.
work action resolve classes.jar (project :app) (Thread[included builds,5,main]) started.
Resolve mutations for :app:compileDebugUnitTestKotlin (Thread[included builds,5,main]) started.
:app:compileDebugUnitTestKotlin (Thread[included builds,5,main]) started.

> Task :app:compileDebugUnitTestKotlin UP-TO-DATE
Caching disabled for task ':app:compileDebugUnitTestKotlin' because:
  Build cache is disabled
Skipping task ':app:compileDebugUnitTestKotlin' as it is up-to-date.
Resolve mutations for :app:preDebugUnitTestBuild (Thread[Execution worker Thread 2,5,main]) started.
:app:preDebugUnitTestBuild (Thread[Execution worker Thread 2,5,main]) started.

> Task :app:preDebugUnitTestBuild UP-TO-DATE
Skipping task ':app:preDebugUnitTestBuild' as it has no actions.
Resolve mutations for :app:javaPreCompileDebugUnitTest (Thread[Execution worker Thread 2,5,main]) started.
:app:javaPreCompileDebugUnitTest (Thread[Execution worker Thread 2,5,main]) started.

> Task :app:javaPreCompileDebugUnitTest UP-TO-DATE
Caching disabled for task ':app:javaPreCompileDebugUnitTest' because:
  Build cache is disabled
Skipping task ':app:javaPreCompileDebugUnitTest' as it is up-to-date.
Resolve mutations for :app:compileDebugUnitTestJavaWithJavac (Thread[Execution worker Thread 2,5,main]) started.
:app:compileDebugUnitTestJavaWithJavac (Thread[Execution worker Thread 2,5,main]) started.

> Task :app:compileDebugUnitTestJavaWithJavac NO-SOURCE
Skipping task ':app:compileDebugUnitTestJavaWithJavac' as it has no source files and no previous output files.
Resolve mutations for :app:processDebugJavaRes (Thread[Execution worker Thread 2,5,main]) started.
:app:processDebugJavaRes (Thread[Execution worker Thread 2,5,main]) started.

> Task :app:processDebugJavaRes UP-TO-DATE
file or directory 'C:\Users\Admin\Desktop\Test_code\ClinicViewer\app\src\main\resources', not found
file or directory 'C:\Users\Admin\Desktop\Test_code\ClinicViewer\app\src\debug\resources', not found
Caching disabled for task ':app:processDebugJavaRes' because:
  Build cache is disabled
  Caching has been disabled for the task
Skipping task ':app:processDebugJavaRes' as it is up-to-date.
work action resolve out (project :app) (Thread[Execution worker Thread 2,5,main]) started.
Resolve mutations for :app:processDebugUnitTestJavaRes (Thread[Execution worker Thread 2,5,main]) started.
:app:processDebugUnitTestJavaRes (Thread[Execution worker Thread 2,5,main]) started.

> Task :app:processDebugUnitTestJavaRes UP-TO-DATE
file or directory 'C:\Users\Admin\Desktop\Test_code\ClinicViewer\app\src\test\resources', not found
file or directory 'C:\Users\Admin\Desktop\Test_code\ClinicViewer\app\src\testDebug\resources', not found
Caching disabled for task ':app:processDebugUnitTestJavaRes' because:
  Build cache is disabled
  Caching has been disabled for the task
Skipping task ':app:processDebugUnitTestJavaRes' as it is up-to-date.
Resolve mutations for :app:testDebugUnitTest (Thread[Execution worker Thread 2,5,main]) started.
:app:testDebugUnitTest (Thread[Execution worker Thread 2,5,main]) started.
Gradle Test Executor 3 started executing tests.
Gradle Test Executor 3 finished executing tests.

> Task :app:testDebugUnitTest FAILED
Caching disabled for task ':app:testDebugUnitTest' because:
  Build cache is disabled
Task ':app:testDebugUnitTest' is not up-to-date because:
  Task has failed previously.
file or directory 'C:\Users\Admin\Desktop\Test_code\ClinicViewer\app\build\intermediates\javac\debugUnitTest\compileDebugUnitTestJavaWithJavac\classes', not found
Starting process 'Gradle Test Executor 3'. Working directory: C:\Users\Admin\Desktop\Test_code\ClinicViewer\app Command: C:\Program Files\Java\jdk-17\bin\java.exe -Djava.awt.headless=true -Djava.library.path=C:\Program Files\Java\jdk-17\bin;C:\Windows\Sun\Java\bin;C:\Windows\system32;C:\Windows;C:\Program Files\Common Files\Oracle\Java\javapath;C:\Windows\system32;C:\Windows;C:\Windows\System32\Wbem;C:\Windows\System32\WindowsPowerShell\v1.0\;C:\Windows\System32\OpenSSH\;C:\Program Files\nodejs\;C:\Program Files\Git\cmd;C:\Program Files\Microsoft SQL Server\Client SDK\ODBC\110\Tools\Binn\;C:\Program Files (x86)\Microsoft SQL Server\120\Tools\Binn\;C:\Program Files\Microsoft SQL Server\120\Tools\Binn\;C:\Program Files\Microsoft SQL Server\120\DTS\Binn\;C:\Program Files (x86)\Microsoft SQL Server\120\Tools\Binn\ManagementStudio\;C:\Program Files (x86)\Microsoft SQL Server\120\DTS\Binn\;C:\Users\Admin\AppData\Local\Programs\Python\Python311\Scripts\;C:\Users\Admin\AppData\Local\Programs\Python\Python311\;C:\Users\Admin\AppData\Local\Microsoft\WindowsApps;C:\Users\Admin\AppData\Local\Programs\Antigravity\bin;C:\Users\Admin\AppData\Roaming\npm;C:\Users\Admin\.cargo\bin;C:\Users\Admin\AppData\Local\Programs\Microsoft VS Code\bin;.;C:\Users\Admin\Desktop\Test_code\ClinicViewer\app\src\testDebug\jniLibs;C:\Users\Admin\Desktop\Test_code\ClinicViewer\app\src\test\jniLibs -Dorg.gradle.internal.worker.tmpdir=C:\Users\Admin\Desktop\Test_code\ClinicViewer\app\build\tmp\testDebugUnitTest\work --add-opens=java.base/java.io=ALL-UNNAMED @C:\Users\Admin\.gradle\.tmp\gradle-worker-classpath5171183825606459565txt -Xmx512m -Dfile.encoding=UTF-8 -Duser.country=US -Duser.language=en -Duser.variant -ea worker.org.gradle.process.internal.worker.GradleWorkerMain 'Gradle Test Executor 3'
Successfully started process 'Gradle Test Executor 3'

./gradlew : 
At line:1 char:1
+ ./gradlew testDebugUnitTest --info > test_output.txt 2>&1
+ ~~~~~~~~~~~~~~~~~~~~~~~~~~~~~~~~~~~~~~~~~~~~~~~~~~~~~~~~~
    + CategoryInfo          : NotSpecified: (:String) [], RemoteException
    + FullyQualifiedErrorId : NativeCommandError
 
2 tests completed, 1 failed

FAILURE: Build failed with an exception.

* What went wrong:
Execution failed for task ':app:testDebugUnitTest'.
> There were failing tests. See the report at: file:///C:/Users/Admin/Desktop/Test_code/C
linicViewer/app/build/reports/tests/testDebugUnitTest/index.html

* Try:
> Run with --scan to generate a Build Scan (Powered by Develocity).

BUILD FAILED in 3s
SyncTest > testGetPatientsFromSupabase STANDARD_OUT
    Initiating Supabase Connection Test...
    Info: (Supabase-Core) SupabaseClient created! Please report any bugs you find.

SyncTest > testGetPatientsFromSupabase STANDARD_ERROR
    SLF4J(W): No SLF4J providers were found.
    SLF4J(W): Defaulting to no-operation (NOP) logger implementation
    SLF4J(W): See https://www.slf4j.org/codes.html#noProviders for further details.

SyncTest > testGetPatientsFromSupabase FAILED
    java.lang.ExceptionInInitializerError
        at com.skul9x.clinicviewer.data.repository.PatientRepository$getPatients$2.invokeSuspend(PatientRepository.kt:16)
        at kotlin.coroutines.jvm.internal.BaseContinuationImpl.resumeWith(ContinuationImpl.kt:33)
        at kotlinx.coroutines.DispatchedTask.run(DispatchedTask.kt:101)
        at kotlinx.coroutines.internal.LimitedDispatcher$Worker.run(LimitedDispatcher.kt:113)
        at kotlinx.coroutines.scheduling.TaskImpl.run(Tasks.kt:89)
        at kotlinx.coroutines.scheduling.CoroutineScheduler.runSafely(CoroutineScheduler.kt:589)
        at kotlinx.coroutines.scheduling.CoroutineScheduler$Worker.executeTask(CoroutineScheduler.kt:823)
        at kotlinx.coroutines.scheduling.CoroutineScheduler$Worker.runWorker(CoroutineScheduler.kt:720)
        at kotlinx.coroutines.scheduling.CoroutineScheduler$Worker.run(CoroutineScheduler.kt:707)

        Caused by:
        java.lang.IllegalStateException: Failed to create default settings for SettingsSessionManager. You might have to provide a custom settings instance or a custom session manager. Learn more at https://github.com/supabase-community/supabase-kt/wiki/Session-Saving
            at io.github.jan.supabase.auth.SettingsUtilKt.createDefaultSettings(SettingsUtil.kt:11)
            at io.github.jan.supabase.auth.SettingsSessionManager.<init>(SettingsSessionManager.kt:25)
            at io.github.jan.supabase.auth.SettingsUtilKt.createDefaultSessionManager(SettingsUtil.kt:21)
            at io.github.jan.supabase.auth.AuthImpl.<init>(AuthImpl.kt:73)
            at io.github.jan.supabase.auth.Auth$Companion.create(Auth.kt:422)
            at io.github.jan.supabase.auth.Auth$Companion.create(Auth.kt:410)
            at io.github.jan.supabase.SupabaseClientBuilder.install$lambda$2(SupabaseClientBuilder.kt:137)
            at io.github.jan.supabase.SupabaseClientImpl.<init>(SupabaseClient.kt:119)
            at io.github.jan.supabase.SupabaseClientBuilder.build(SupabaseClientBuilder.kt:103)
            at com.skul9x.clinicviewer.data.SupabaseClient.<clinit>(SupabaseClient.kt:29)
            ... 9 more
Finished generating test XML results (0.001 secs) into: C:\Users\Admin\Desktop\Test_code\ClinicViewer\app\build\test-results\testDebugUnitTest
Generating HTML test report...
Finished generating test html results (0.006 secs) into: C:\Users\Admin\Desktop\Test_code\ClinicViewer\app\build\reports\tests\testDebugUnitTest

[Incubating] Problems report is available at: file:///C:/Users/Admin/Desktop/Test_code/ClinicViewer/build/reports/problems/problems-report.html

Deprecated Gradle features were used in this build, making it incompatible with Gradle 10.

You can use '--warning-mode all' to show the individual deprecation warnings and determine if they come from your own scripts or plugins.

For more on this, please refer to https://docs.gradle.org/9.1.0/userguide/command_line_interface.html#sec:command_line_warnings in the Gradle documentation.
22 actionable tasks: 1 executed, 21 up-to-date
Watched directory hierarchies: [C:\Users\Admin\Desktop\Test_code\ClinicViewer]
